PRAGMA journal_mode = WAL
PRAGMA journal_mode = WAL;
PRAGMA foreign_keys = ON;
PRAGMA synchronous = NORMAL;
-- ≡ƒæñ USERS (Single login)
-- ≡ƒæñ USERS (Single login)

CREATE TABLE IF NOT EXISTS users (
  id TEXT PRIMARY KEY,
  username TEXT NOT NULL UNIQUE,
  password TEXT NOT NULL,
  role TEXT NOT NULL DEFAULT 'user', -- 'admin' or 'user'
  created DATETIME NOT NULL,
  lastmodified DATETIME NOT NULL,
  deletedon DATETIME
);
-- ≡ƒîÉ GLOBALS (Auto-number, sequences, config)
CREATE TABLE IF NOT EXISTS globals (
  key TEXT PRIMARY KEY,
  value TEXT NOT NULL,
  created DATETIME NOT NULL,
  lastmodified DATETIME NOT NULL
);
-- ≡ƒöó SEQUENCES (For simple sequential IDs)
CREATE TABLE IF NOT EXISTS sequences (
  name TEXT PRIMARY KEY,
  value INTEGER DEFAULT 0
);
-- ≡ƒæÑ CUSTOMER
CREATE TABLE IF NOT EXISTS customer (
  id TEXT PRIMARY KEY,
  name TEXT NOT NULL,
  phone TEXT,
  balance REAL DEFAULT 0,
  notes TEXT,
  created DATETIME NOT NULL,
  lastmodified DATETIME NOT NULL,
  deletedon DATETIME
);
CREATE INDEX IF NOT EXISTS idx_customer_phone ON customer(phone);
-- ≡ƒº¬ TESTS (PARENT)
CREATE TABLE IF NOT EXISTS gold_test (
  id TEXT PRIMARY KEY,
  auto_number TEXT NOT NULL UNIQUE,
  customer_id TEXT NOT NULL,
  status TEXT CHECK (status IN ('TODO','IN_PROGRESS','DONE')) NOT NULL,
  mode_of_payment TEXT,
  total REAL DEFAULT 0,
  created DATETIME NOT NULL,
  in_progress_at DATETIME,
  done_at DATETIME,
  lastmodified DATETIME NOT NULL,
  deletedon DATETIME,
  FOREIGN KEY (customer_id) REFERENCES customer(id)
);
CREATE TABLE IF NOT EXISTS silver_test (
  id TEXT PRIMARY KEY,
  auto_number TEXT NOT NULL UNIQUE,
  customer_id TEXT NOT NULL,
  status TEXT CHECK (status IN ('TODO','IN_PROGRESS','DONE')) NOT NULL,
  mode_of_payment TEXT,
  total REAL DEFAULT 0,
  created DATETIME NOT NULL,
  in_progress_at DATETIME,
  done_at DATETIME,
  lastmodified DATETIME NOT NULL,
  deletedon DATETIME,
  FOREIGN KEY (customer_id) REFERENCES customer(id)
);
-- ≡ƒº¬ TEST ITEMS (CHILD)
CREATE TABLE IF NOT EXISTS gold_test_item (
  id TEXT PRIMARY KEY,
  item_number TEXT NOT NULL UNIQUE,
  gold_test_id TEXT NOT NULL,
  name TEXT,
  item_type TEXT NOT NULL,
  gross_weight REAL NOT NULL,
  sample_weight REAL DEFAULT 0,
  test_weight REAL NOT NULL,
  net_weight REAL,
  purity REAL,
  fine_weight REAL,
  item_total REAL DEFAULT 0,
  returned INTEGER DEFAULT 0,
  created DATETIME NOT NULL,
  deletedon DATETIME,
  FOREIGN KEY (gold_test_id) REFERENCES gold_test(id) ON DELETE CASCADE
);
CREATE TABLE IF NOT EXISTS silver_test_item (
  id TEXT PRIMARY KEY,
  item_number TEXT NOT NULL UNIQUE,
  silver_test_id TEXT NOT NULL,
  name TEXT,
  item_type TEXT NOT NULL,
  gross_weight REAL NOT NULL,
  sample_weight REAL DEFAULT 0,
  test_weight REAL NOT NULL,
  net_weight REAL,
  purity REAL,
  fine_weight REAL,
  item_total REAL DEFAULT 0,
  returned INTEGER DEFAULT 0,
  created DATETIME NOT NULL,
  deletedon DATETIME,
  FOREIGN KEY (silver_test_id) REFERENCES silver_test(id) ON DELETE CASCADE
);
-- ≡ƒô£ CERTIFICATES (PARENT ΓÇö FINANCIAL OWNER)
CREATE TABLE IF NOT EXISTS gold_certificate (
  id TEXT PRIMARY KEY,
  auto_number TEXT NOT NULL UNIQUE,
  customer_id TEXT NOT NULL,

  status TEXT CHECK (status IN ('TODO','IN_PROGRESS','DONE')) NOT NULL,

  total REAL DEFAULT 0,
  gst INTEGER DEFAULT 0,              -- 0 / 1
  total_tax REAL DEFAULT 0,
  gst_bill_number TEXT,
  mode_of_payment TEXT,

  created DATETIME NOT NULL,
  lastmodified DATETIME NOT NULL,
  deletedon DATETIME,

  FOREIGN KEY (customer_id) REFERENCES customer(id)
);
CREATE TABLE IF NOT EXISTS silver_certificate (
  id TEXT PRIMARY KEY,
  auto_number TEXT NOT NULL UNIQUE,
  customer_id TEXT NOT NULL,

  status TEXT CHECK (status IN ('TODO','IN_PROGRESS','DONE')) NOT NULL,

  total REAL DEFAULT 0,
  gst INTEGER DEFAULT 0,
  total_tax REAL DEFAULT 0,
  gst_bill_number TEXT,
  mode_of_payment TEXT,

  created DATETIME NOT NULL,
  lastmodified DATETIME NOT NULL,
  deletedon DATETIME,

  FOREIGN KEY (customer_id) REFERENCES customer(id)
);
CREATE TABLE IF NOT EXISTS photo_certificate (
  id TEXT PRIMARY KEY,
  auto_number TEXT NOT NULL UNIQUE,
  customer_id TEXT NOT NULL,
  status TEXT CHECK (status IN ('TODO','IN_PROGRESS','DONE')) NOT NULL,
  total REAL DEFAULT 0,
  gst INTEGER DEFAULT 0,
  total_tax REAL DEFAULT 0,
  gst_bill_number TEXT,
  mode_of_payment TEXT,
  created DATETIME NOT NULL,
  in_progress_at DATETIME,
  done_at DATETIME,
  lastmodified DATETIME NOT NULL,
  deletedon DATETIME,
  FOREIGN KEY (customer_id) REFERENCES customer(id)
);
-- ≡ƒôä CERTIFICATE ITEMS (CHILD)
CREATE TABLE IF NOT EXISTS gold_certificate_item (
  id TEXT PRIMARY KEY,
  item_number TEXT NOT NULL UNIQUE,
  gold_certificate_id TEXT NOT NULL,

  certificate_number TEXT NOT NULL,   -- A01, A02 (PRINT ONLY)

  name TEXT,
  item_type TEXT NOT NULL,
  gross_weight REAL NOT NULL,
  test_weight REAL NOT NULL,
  net_weight REAL NOT NULL,
  purity REAL,
  returned INTEGER DEFAULT 0,

  created DATETIME NOT NULL,
  deletedon DATETIME,

  FOREIGN KEY (gold_certificate_id)
    REFERENCES gold_certificate(id) ON DELETE CASCADE
);
CREATE TABLE IF NOT EXISTS silver_certificate_item (
  id TEXT PRIMARY KEY,
  item_number TEXT NOT NULL UNIQUE,
  silver_certificate_id TEXT NOT NULL,
  certificate_number TEXT NOT NULL,
  name TEXT,
  item_type TEXT NOT NULL,
  gross_weight REAL NOT NULL,
  test_weight REAL NOT NULL,
  net_weight REAL NOT NULL,
  purity REAL,
  returned INTEGER DEFAULT 0,
  created DATETIME NOT NULL,
  deletedon DATETIME,
  FOREIGN KEY (silver_certificate_id)
    REFERENCES silver_certificate(id) ON DELETE CASCADE
);
CREATE TABLE IF NOT EXISTS photo_certificate_item (
  id TEXT PRIMARY KEY,
  item_number TEXT NOT NULL UNIQUE,
  photo_certificate_id TEXT NOT NULL,
  certificate_number TEXT NOT NULL,
  name TEXT,
  item_type TEXT NOT NULL,
  gross_weight REAL,
  test_weight REAL,
  net_weight REAL,
  purity REAL,
  returned INTEGER DEFAULT 0,
  media_path TEXT,
  created DATETIME NOT NULL,
  deletedon DATETIME,
  FOREIGN KEY (photo_certificate_id)
    REFERENCES photo_certificate(id) ON DELETE CASCADE
);
-- ≡ƒÆ░ CREDIT HISTORY (APPEND ONLY)
CREATE TABLE IF NOT EXISTS credit_history (
  id TEXT PRIMARY KEY,
  customer_id TEXT NOT NULL,
  amount REAL NOT NULL,
  type TEXT CHECK (type IN ('CREDIT','DEBIT')) NOT NULL,
  mode_of_payment TEXT,
  description TEXT NOT NULL,
  created DATETIME NOT NULL,
  FOREIGN KEY (customer_id) REFERENCES customer(id)
);
-- ΓÜû∩╕Å WEIGHT LOSS HISTORY (APPEND ONLY)
CREATE TABLE IF NOT EXISTS weight_loss_history (
  id TEXT PRIMARY KEY,
  customer_id TEXT NOT NULL,
  amount REAL NOT NULL,
  reason TEXT,
  created DATETIME NOT NULL,
  FOREIGN KEY (customer_id) REFERENCES customer(id)
);
-- ≡ƒôè INDEXES
CREATE INDEX IF NOT EXISTS idx_gt_status ON gold_test(status, deletedon);
CREATE INDEX IF NOT EXISTS idx_st_status ON silver_test(status, deletedon);
CREATE INDEX IF NOT EXISTS idx_gc_status ON gold_certificate(status, deletedon);
CREATE INDEX IF NOT EXISTS idx_sc_status ON silver_certificate(status, deletedon);
CREATE INDEX IF NOT EXISTS idx_pc_status ON photo_certificate(status, deletedon);
CREATE INDEX IF NOT EXISTS idx_ch_customer ON credit_history(customer_id);
CREATE INDEX IF NOT EXISTS idx_wlh_customer ON weight_loss_history(customer_id);
Γ£à Database initialized successfully
Starting API Verification Suite...

Server started on temp port 5005 for testing...
[1] Testing Login...
SELECT * FROM users WHERE username='admin'
[2026-02-27T14:02:29.287Z] [INFO] POST /api/auth/login {"ip":"::1"}
SELECT * FROM users WHERE username = 'admin'
[2026-02-27T14:02:29.447Z] [INFO] POST /login completed {"status":200,"duration":"158ms"}
    -> Login successful, Token received.
[2] Testing Customer API...
[2026-02-27T14:02:29.472Z] [INFO] POST /api/customers {"ip":"::1"}
SELECT * FROM customer WHERE phone = '9999999999' AND deletedon IS NULL
[2026-02-27T14:02:29.478Z] [INFO] POST / completed {"status":400,"duration":"5ms"}
node : 
At line:1 char:1
+ node 
scripts/verifyApi.js > 
test_output.txt 2>&1
+ ~~~~~~~~~~~~~~~~~~~~~~~~
~~~~~~~~~~~~~~~~~~~~~~~~
    + CategoryInfo        
      : NotSpecified: (:  
  String) [], RemoteExc   
 eption
    + FullyQualifiedError 
   Id : NativeCommandErr  
  or
 
Γ¥î API TEST FAILED: API 
Error [POST 
/api/customers]: 400 Bad 
Request - 
{"error":"Customer with 
this phone already 
exists"}
